[04:28:58] [main/INFO]: Loading Minecraft 1.19.4 with Fabric Loader 0.16.3
[04:28:58] [main/INFO]: Loading 52 mods:
	- fabric-api 0.87.2+1.19.4
	   |-- fabric-api-base 0.4.28+737a6ee8f4
	   |-- fabric-api-lookup-api-v1 1.6.29+504944c8f4
	   |-- fabric-biome-api-v1 13.0.10+6b242079f4
	   |-- fabric-block-api-v1 1.0.8+e022e5d1f4
	   |-- fabric-blockrenderlayer-v1 1.1.38+10ce000ff4
	   |-- fabric-client-tags-api-v1 1.1.1+0eee1254f4
	   |-- fabric-command-api-v1 1.2.31+f71b366ff4
	   |-- fabric-command-api-v2 2.2.10+10ce000ff4
	   |-- fabric-commands-v0 0.2.48+df3654b3f4
	   |-- fabric-containers-v0 0.1.59+df3654b3f4
	   |-- fabric-content-registries-v0 3.5.14+10ce000ff4
	   |-- fabric-convention-tags-v1 1.5.3+6d727b51f4
	   |-- fabric-crash-report-info-v1 0.2.17+aeb40ebef4
	   |-- fabric-data-generation-api-v1 11.5.2+26f09d40f4
	   |-- fabric-dimensions-v1 2.1.50+44c9c860f4
	   |-- fabric-entity-events-v1 1.5.17+10ce000ff4
	   |-- fabric-events-interaction-v0 0.6.1+4b6b93f0f4
	   |-- fabric-events-lifecycle-v0 0.2.56+df3654b3f4
	   |-- fabric-game-rule-api-v1 1.0.36+3f657af2f4
	   |-- fabric-item-api-v1 2.1.21+10ce000ff4
	   |-- fabric-item-group-api-v1 3.0.10+8400c67ef4
	   |-- fabric-key-binding-api-v1 1.0.35+504944c8f4
	   |-- fabric-keybindings-v0 0.2.33+df3654b3f4
	   |-- fabric-lifecycle-events-v1 2.2.19+10ce000ff4
	   |-- fabric-loot-api-v2 1.1.32+10ce000ff4
	   |-- fabric-loot-tables-v1 1.1.36+9e7660c6f4
	   |-- fabric-message-api-v1 5.1.5+53c11dadf4
	   |-- fabric-mining-level-api-v1 2.1.44+10ce000ff4
	   |-- fabric-model-loading-api-v1 1.0.2+3a1ea2f1f4
	   |-- fabric-models-v0 0.4.1+a0255436f4
	   |-- fabric-networking-api-v1 1.3.6+ae9c4c6af4
	   |-- fabric-networking-v0 0.3.46+df3654b3f4
	   |-- fabric-object-builder-api-v1 7.1.1+d63b52eaf4
	   |-- fabric-particles-v1 1.1.1+86d48884f4
	   |-- fabric-recipe-api-v1 1.0.13+10ce000ff4
	   |-- fabric-registry-sync-v0 2.3.2+95ae8716f4
	   |-- fabric-renderer-api-v1 2.4.2+90110d8df4
	   |-- fabric-renderer-indigo 1.4.2+90110d8df4
	   |-- fabric-renderer-registries-v1 3.2.42+df3654b3f4
	   |-- fabric-rendering-data-attachment-v1 0.3.32+10ce000ff4
	   |-- fabric-rendering-fluids-v1 3.0.25+10ce000ff4
	   |-- fabric-rendering-v0 1.1.45+df3654b3f4
	   |-- fabric-rendering-v1 2.1.5+10ce000ff4
	   |-- fabric-resource-conditions-api-v1 2.3.3+10ce000ff4
	   |-- fabric-resource-loader-v0 0.11.7+8400c67ef4
	   |-- fabric-screen-api-v1 1.0.49+10ce000ff4
	   |-- fabric-screen-handler-api-v1 1.3.25+10ce000ff4
	   |-- fabric-sound-api-v1 1.0.11+10ce000ff4
	   |-- fabric-transfer-api-v1 3.3.1+602c17c7f4
	   \-- fabric-transitive-access-wideners-v1 3.3.0+1b5f819af4
	- fabricloader 0.16.3
	   \-- mixinextras 0.4.1
	- ferritecore 5.2.0
	- java 21
	- krypton 0.2.2
	   \-- com_velocitypowered_velocity-native 3.2.0-SNAPSHOT
	- minecraft 1.19.4
	- servercore 1.3.5+1.19.4
	   |-- com_electronwill_night-config_core 3.6.6
	   |-- com_electronwill_night-config_toml 3.6.6
	   |-- fabric-permissions-api-v0 0.2-SNAPSHOT
	   \-- placeholder-api 2.1.0+1.19.4
	- starlight 1.1.1+fabric.ae22326
	- voicechat 1.19.4-2.5.12
	   \-- fabric-key-binding-api-v1 1.0.32+c477957ed8
[04:28:58] [main/INFO]: SpongePowered MIXIN Subsystem Version=0.8.7 Source=file:/workspaces/server3456/servidor_minecraft/libraries/net/fabricmc/sponge-mixin/0.15.2+mixin.0.8.7/sponge-mixin-0.15.2+mixin.0.8.7.jar Service=Knot/Fabric Env=SERVER
[04:28:59] [main/INFO]: Compatibility level set to JAVA_16
[04:28:59] [main/INFO]: Compatibility level set to JAVA_17
[04:28:59] [main/INFO]: Initializing MixinExtras via com.llamalad7.mixinextras.service.MixinExtrasServiceImpl(version=0.4.1).
[04:29:05] [main/INFO]: Compression will use libdeflate (Linux x86_64), encryption will use OpenSSL 1.1.x (Linux x86_64)
[04:29:05] [main/INFO]: [ServerCore] Loaded V1.3.5+1.19.4!
[04:29:05] [main/INFO]: [voicechat] Compatibility version 18
[04:29:05] [main/INFO]: [voicechat] Loading plugins
[04:29:05] [main/INFO]: [voicechat] Loaded 0 plugin(s)
[04:29:05] [main/INFO]: [voicechat] Initializing plugins
[04:29:05] [main/INFO]: [voicechat] Initialized 0 plugin(s)
[04:29:05] [main/INFO]: Krypton is now accelerating your Minecraft server's networking stack 🚀
[04:29:05] [main/INFO]: Environment: authHost='https://authserver.mojang.com', accountsHost='https://api.mojang.com', sessionHost='https://sessionserver.mojang.com', servicesHost='https://api.minecraftservices.com', name='PROD'
[04:29:06] [main/INFO]: Loaded 7 recipes
[04:29:06] [main/INFO]: Loaded 1179 advancements
[04:29:07] [main/INFO]: Applied 0 biome modifications to 0 of 63 new biomes in 1.440 ms
[04:29:07] [Server thread/INFO]: Starting minecraft server version 1.19.4
[04:29:07] [Server thread/INFO]: Loading properties
[04:29:07] [Server thread/INFO]: Default game type: SURVIVAL
[04:29:07] [Server thread/INFO]: Generating keypair
[04:29:07] [Server thread/INFO]: Starting Minecraft server on 127.0.0.1:25565
[04:29:07] [Server thread/INFO]: Using epoll channel type
[04:29:07] [Server thread/WARN]: **** SERVER IS RUNNING IN OFFLINE/INSECURE MODE!
[04:29:07] [Server thread/WARN]: The server will make no attempt to authenticate usernames. Beware.
[04:29:07] [Server thread/WARN]: While this makes the game possible to play without internet access, it also opens up the ability for hackers to connect with any username they choose.
[04:29:07] [Server thread/WARN]: To change this, set "online-mode" to "true" in the server.properties file.
[04:29:07] [Server thread/INFO]: Preparing level "world"
[04:29:10] [Server thread/INFO]: Preparing start region for dimension minecraft:overworld
[04:29:13] [Worker-Main-2/INFO]: Preparing spawn area: 0%
[04:29:13] [Worker-Main-2/INFO]: Preparing spawn area: 0%
[04:29:13] [Worker-Main-2/INFO]: Preparing spawn area: 0%
[04:29:13] [Worker-Main-3/INFO]: Preparing spawn area: 0%
[04:29:13] [Worker-Main-3/INFO]: Preparing spawn area: 0%
[04:29:13] [Worker-Main-1/INFO]: Preparing spawn area: 0%
[04:29:13] [Worker-Main-1/INFO]: Preparing spawn area: 0%
[04:29:13] [Worker-Main-2/INFO]: Preparing spawn area: 1%
[04:29:14] [Worker-Main-3/INFO]: Preparing spawn area: 18%
[04:29:14] [Worker-Main-1/INFO]: Preparing spawn area: 70%
[04:29:15] [Server thread/INFO]: Time elapsed: 4775 ms
[04:29:15] [Server thread/INFO]: Done (7.365s)! For help, type "help"
[04:29:15] [Server thread/WARN]: [voicechat] Running in offline mode - Voice chat encryption is not secure!
[04:29:15] [VoiceChatServerThread/INFO]: [voicechat] Voice chat server started at 127.0.0.1:24454
[04:29:17] [Server thread/INFO]: licho[/127.93.10.140:40041] logged in with entity id 157 at (81.49812711404921, 127.0, -4.644283946914981)
[04:29:17] [Server thread/INFO]: [voicechat] Using Fabric Permissions API
[04:29:18] [Server thread/INFO]: licho joined the game
[04:29:18] [Server thread/INFO]: [voicechat] Received secret request of licho (18)
[04:29:18] [Server thread/INFO]: [voicechat] Sent secret to licho
[04:30:27] [Server thread/INFO]: licho has made the advancement [Monster Hunter]
[04:30:50] [Server thread/INFO]: licho lost connection: Disconnected
[04:30:50] [Server thread/INFO]: licho left the game
[04:30:50] [Server thread/INFO]: [voicechat] Disconnecting client licho
[04:31:27] [Server thread/INFO]: Stopping the server
[04:31:27] [Server thread/INFO]: Stopping server
[04:31:27] [Server thread/INFO]: Saving players
[04:31:27] [Server thread/INFO]: Saving worlds
[04:31:28] [Server thread/INFO]: Saving chunks for level 'ServerLevel[world]'/minecraft:overworld
[04:31:29] [Server thread/INFO]: Saving chunks for level 'ServerLevel[world]'/minecraft:the_nether
[04:31:29] [Server thread/INFO]: Saving chunks for level 'ServerLevel[world]'/minecraft:the_end
[04:31:29] [Server thread/INFO]: ThreadedAnvilChunkStorage (world): All chunks are saved
[04:31:29] [Server thread/INFO]: ThreadedAnvilChunkStorage (DIM-1): All chunks are saved
[04:31:29] [Server thread/INFO]: ThreadedAnvilChunkStorage (DIM1): All chunks are saved
[04:31:29] [Server thread/INFO]: ThreadedAnvilChunkStorage: All dimensions are saved
